// Jest Snapshot v1, https://goo.gl/fbAQLP

exports[`Loader Component matches snapshot (loader hidden) 1`] = `<DocumentFragment />`;
